0. data(forType:)
1. post(event:tap:)
2. post(event:tap:)
3. post(event:tap:)
4. post(event:tap:)
5. sleep(nanoseconds:)
6. string(forType:)
7. prepareForNewContents
8. setData(_:forType:)
